// Jest Snapshot v1, https://goo.gl/fbAQLP

exports[`Btn 显示正确 1`] = `<div class="x-btn c_noselect no_disabled main default-size default">按钮</div>`;
